case=0f input=0f value=15
case=0f child_exit=0 child_signal=0
case=0F input=0F value=-17
case=0F child_exit=0 child_signal=0
ub_tests/hex_uppercase_ub.c:16:16: runtime error: left shift of negative value -22
case=AF input=AF value=-17
case=AF child_exit=0 child_signal=0
ub_tests/hex_uppercase_ub.c:16:16: runtime error: left shift of negative value -16
case=GG input=GG value=-16
case=GG child_exit=0 child_signal=0
case=f input=f value=-16
case=f child_exit=0 child_signal=0
=================================================================
==103==ERROR: AddressSanitizer: heap-buffer-overflow on address 0x502000000011 at pc 0x637965b535dd bp 0x7fff54fbd890 sp 0x7fff54fbd880
READ of size 1 at 0x502000000011 thread T0
    #0 0x5eac207f35dc in parse_pair_buggy ub_tests/hex_uppercase_ub.c:12
    #1 0x5eac207f38f9 in run_case ub_tests/hex_uppercase_ub.c:31
    #2 0x5eac207f3ba9 in main ub_tests/hex_uppercase_ub.c:50
    #3 0x7d323fe2a1c9 in __libc_start_call_main ../sysdeps/nptl/libc_start_call_main.h:58
    #4 0x7d323fe2a28a in __libc_start_main_impl ../csu/libc-start.c:360
    #5 0x5eac207f33e4 in _start (/home/wsl/linux2026/linux2026-quiz4-labs/results/ub/hex_uppercase_ub+0x23e4) (BuildId: 3fdd81587e6ef3324d29efc2a4714f02f403de88)

0x502000000011 is located 0 bytes after 1-byte region [0x502000000010,0x502000000011)
allocated by thread T0 here:
    #0 0x7d3240afd9c7 in malloc ../../../../src/libsanitizer/asan/asan_malloc_linux.cpp:69
    #1 0x5eac207f37c3 in run_case ub_tests/hex_uppercase_ub.c:24
    #2 0x5eac207f3ba9 in main ub_tests/hex_uppercase_ub.c:50
    #3 0x7d323fe2a1c9 in __libc_start_call_main ../sysdeps/nptl/libc_start_call_main.h:58
    #4 0x7d323fe2a28a in __libc_start_main_impl ../csu/libc-start.c:360
    #5 0x5eac207f33e4 in _start (/home/wsl/linux2026/linux2026-quiz4-labs/results/ub/hex_uppercase_ub+0x23e4) (BuildId: 3fdd81587e6ef3324d29efc2a4714f02f403de88)

SUMMARY: AddressSanitizer: heap-buffer-overflow ub_tests/hex_uppercase_ub.c:12 in parse_pair_buggy
Shadow bytes around the buggy address:
  0x501ffffffd80: 00 00 00 00 00 00 00 00 00 00 00 00 00 00 00 00
  0x501ffffffe00: 00 00 00 00 00 00 00 00 00 00 00 00 00 00 00 00
  0x501ffffffe80: 00 00 00 00 00 00 00 00 00 00 00 00 00 00 00 00
  0x501fffffff00: 00 00 00 00 00 00 00 00 00 00 00 00 00 00 00 00
  0x501fffffff80: 00 00 00 00 00 00 00 00 00 00 00 00 00 00 00 00
=>0x502000000000: fa fa[01]fa fa fa fa fa fa fa fa fa fa fa fa fa
  0x502000000080: fa fa fa fa fa fa fa fa fa fa fa fa fa fa fa fa
  0x502000000100: fa fa fa fa fa fa fa fa fa fa fa fa fa fa fa fa
  0x502000000180: fa fa fa fa fa fa fa fa fa fa fa fa fa fa fa fa
  0x502000000200: fa fa fa fa fa fa fa fa fa fa fa fa fa fa fa fa
  0x502000000280: fa fa fa fa fa fa fa fa fa fa fa fa fa fa fa fa
Shadow byte legend (one shadow byte represents 8 application bytes):
  Addressable:           00
  Partially addressable: 01 02 03 04 05 06 07 
  Heap left redzone:       fa
  Freed heap region:       fd
  Stack left redzone:      f1
  Stack mid redzone:       f2
  Stack right redzone:     f3
  Stack after return:      f5
  Stack use after scope:   f8
  Global redzone:          f9
  Global init order:       f6
  Poisoned by user:        f7
  Container overflow:      fc
  Array cookie:            ac
  Intra object redzone:    bb
  ASan internal:           fe
  Left alloca redzone:     ca
  Right alloca redzone:    cb
==104==ABORTING
case=empty child_exit=1 child_signal=0
